[0.360s] DEBUG:colcon:Command line arguments: ['/usr/bin/colcon', 'build']
[0.360s] DEBUG:colcon:Parsed command line arguments: Namespace(log_base=None, log_level=None, verb_name='build', build_base='build', install_base='install', merge_install=False, symlink_install=False, test_result_base=None, continue_on_error=False, executor='parallel', parallel_workers=4, event_handlers=None, ignore_user_meta=False, metas=['./colcon.meta'], base_paths=['.'], packages_ignore=None, packages_ignore_regex=None, paths=None, packages_up_to=None, packages_up_to_regex=None, packages_above=None, packages_above_and_dependencies=None, packages_above_depth=None, packages_select_by_dep=None, packages_skip_by_dep=None, packages_skip_up_to=None, packages_select_build_failed=False, packages_skip_build_finished=False, packages_select_test_failures=False, packages_skip_test_passed=False, packages_select=None, packages_skip=None, packages_select_regex=None, packages_skip_regex=None, packages_start=None, packages_end=None, cmake_args=None, cmake_target=None, cmake_target_skip_unavailable=False, cmake_clean_cache=False, cmake_clean_first=False, cmake_force_configure=False, meson_args=[], ament_cmake_args=None, catkin_cmake_args=None, catkin_skip_building_tests=False, verb_parser=<colcon_defaults.argument_parser.defaults.DefaultArgumentsDecorator object at 0xffffba24b230>, verb_extension=<colcon_core.verb.build.BuildVerb object at 0xffffba4334d0>, main=<bound method BuildVerb.main of <colcon_core.verb.build.BuildVerb object at 0xffffba4334d0>>)
[0.423s] Level 1:colcon.colcon_core.package_discovery:discover_packages(colcon_meta) check parameters
[0.423s] Level 1:colcon.colcon_core.package_discovery:discover_packages(recursive) check parameters
[0.423s] Level 1:colcon.colcon_core.package_discovery:discover_packages(ignore) check parameters
[0.423s] Level 1:colcon.colcon_core.package_discovery:discover_packages(path) check parameters
[0.423s] Level 1:colcon.colcon_core.package_discovery:discover_packages(colcon_meta) discover
[0.423s] Level 1:colcon.colcon_core.package_discovery:discover_packages(recursive) discover
[0.423s] INFO:colcon.colcon_core.package_discovery:Crawling recursively for packages in '/home/makimate/piper_bin/piper'
[0.423s] Level 1:colcon.colcon_core.package_identification:_identify(.) by extensions ['ignore', 'ignore_ament_install']
[0.423s] Level 1:colcon.colcon_core.package_identification:_identify(.) by extension 'ignore'
[0.424s] Level 1:colcon.colcon_core.package_identification:_identify(.) by extension 'ignore_ament_install'
[0.424s] Level 1:colcon.colcon_core.package_identification:_identify(.) by extensions ['colcon_pkg']
[0.424s] Level 1:colcon.colcon_core.package_identification:_identify(.) by extension 'colcon_pkg'
[0.424s] Level 1:colcon.colcon_core.package_identification:_identify(.) by extensions ['colcon_meta']
[0.424s] Level 1:colcon.colcon_core.package_identification:_identify(.) by extension 'colcon_meta'
[0.424s] Level 1:colcon.colcon_core.package_identification:_identify(.) by extensions ['ros']
[0.424s] Level 1:colcon.colcon_core.package_identification:_identify(.) by extension 'ros'
[0.518s] Level 1:colcon.colcon_core.package_identification:_identify(.) by extensions ['cmake', 'meson', 'python']
[0.518s] Level 1:colcon.colcon_core.package_identification:_identify(.) by extension 'cmake'
[0.518s] Level 1:colcon.colcon_core.package_identification:_identify(.) by extension 'meson'
[0.521s] Level 1:colcon.colcon_core.package_identification:_identify(.) by extension 'python'
[0.521s] Level 1:colcon.colcon_core.package_identification:_identify(.) by extensions ['python_setup_py']
[0.521s] Level 1:colcon.colcon_core.package_identification:_identify(.) by extension 'python_setup_py'
[0.522s] Level 1:colcon.colcon_core.package_identification:_identify(build) by extensions ['ignore', 'ignore_ament_install']
[0.522s] Level 1:colcon.colcon_core.package_identification:_identify(build) by extension 'ignore'
[0.522s] Level 1:colcon.colcon_core.package_identification:_identify(build) ignored
[0.523s] Level 1:colcon.colcon_core.package_identification:_identify(espeak-ng-data) by extensions ['ignore', 'ignore_ament_install']
[0.523s] Level 1:colcon.colcon_core.package_identification:_identify(espeak-ng-data) by extension 'ignore'
[0.524s] Level 1:colcon.colcon_core.package_identification:_identify(espeak-ng-data) by extension 'ignore_ament_install'
[0.525s] Level 1:colcon.colcon_core.package_identification:_identify(espeak-ng-data) by extensions ['colcon_pkg']
[0.525s] Level 1:colcon.colcon_core.package_identification:_identify(espeak-ng-data) by extension 'colcon_pkg'
[0.525s] Level 1:colcon.colcon_core.package_identification:_identify(espeak-ng-data) by extensions ['colcon_meta']
[0.525s] Level 1:colcon.colcon_core.package_identification:_identify(espeak-ng-data) by extension 'colcon_meta'
[0.526s] Level 1:colcon.colcon_core.package_identification:_identify(espeak-ng-data) by extensions ['ros']
[0.526s] Level 1:colcon.colcon_core.package_identification:_identify(espeak-ng-data) by extension 'ros'
[0.526s] Level 1:colcon.colcon_core.package_identification:_identify(espeak-ng-data) by extensions ['cmake', 'meson', 'python']
[0.526s] Level 1:colcon.colcon_core.package_identification:_identify(espeak-ng-data) by extension 'cmake'
[0.526s] Level 1:colcon.colcon_core.package_identification:_identify(espeak-ng-data) by extension 'meson'
[0.529s] Level 1:colcon.colcon_core.package_identification:_identify(espeak-ng-data) by extension 'python'
[0.529s] Level 1:colcon.colcon_core.package_identification:_identify(espeak-ng-data) by extensions ['python_setup_py']
[0.529s] Level 1:colcon.colcon_core.package_identification:_identify(espeak-ng-data) by extension 'python_setup_py'
[0.529s] Level 1:colcon.colcon_core.package_identification:_identify(espeak-ng-data/lang) by extensions ['ignore', 'ignore_ament_install']
[0.530s] Level 1:colcon.colcon_core.package_identification:_identify(espeak-ng-data/lang) by extension 'ignore'
[0.530s] Level 1:colcon.colcon_core.package_identification:_identify(espeak-ng-data/lang) by extension 'ignore_ament_install'
[0.530s] Level 1:colcon.colcon_core.package_identification:_identify(espeak-ng-data/lang) by extensions ['colcon_pkg']
[0.530s] Level 1:colcon.colcon_core.package_identification:_identify(espeak-ng-data/lang) by extension 'colcon_pkg'
[0.530s] Level 1:colcon.colcon_core.package_identification:_identify(espeak-ng-data/lang) by extensions ['colcon_meta']
[0.530s] Level 1:colcon.colcon_core.package_identification:_identify(espeak-ng-data/lang) by extension 'colcon_meta'
[0.530s] Level 1:colcon.colcon_core.package_identification:_identify(espeak-ng-data/lang) by extensions ['ros']
[0.530s] Level 1:colcon.colcon_core.package_identification:_identify(espeak-ng-data/lang) by extension 'ros'
[0.530s] Level 1:colcon.colcon_core.package_identification:_identify(espeak-ng-data/lang) by extensions ['cmake', 'meson', 'python']
[0.530s] Level 1:colcon.colcon_core.package_identification:_identify(espeak-ng-data/lang) by extension 'cmake'
[0.530s] Level 1:colcon.colcon_core.package_identification:_identify(espeak-ng-data/lang) by extension 'meson'
[0.532s] Level 1:colcon.colcon_core.package_identification:_identify(espeak-ng-data/lang) by extension 'python'
[0.532s] Level 1:colcon.colcon_core.package_identification:_identify(espeak-ng-data/lang) by extensions ['python_setup_py']
[0.532s] Level 1:colcon.colcon_core.package_identification:_identify(espeak-ng-data/lang) by extension 'python_setup_py'
[0.532s] Level 1:colcon.colcon_core.package_identification:_identify(espeak-ng-data/lang/aav) by extensions ['ignore', 'ignore_ament_install']
[0.532s] Level 1:colcon.colcon_core.package_identification:_identify(espeak-ng-data/lang/aav) by extension 'ignore'
[0.532s] Level 1:colcon.colcon_core.package_identification:_identify(espeak-ng-data/lang/aav) by extension 'ignore_ament_install'
[0.532s] Level 1:colcon.colcon_core.package_identification:_identify(espeak-ng-data/lang/aav) by extensions ['colcon_pkg']
[0.532s] Level 1:colcon.colcon_core.package_identification:_identify(espeak-ng-data/lang/aav) by extension 'colcon_pkg'
[0.532s] Level 1:colcon.colcon_core.package_identification:_identify(espeak-ng-data/lang/aav) by extensions ['colcon_meta']
[0.532s] Level 1:colcon.colcon_core.package_identification:_identify(espeak-ng-data/lang/aav) by extension 'colcon_meta'
[0.532s] Level 1:colcon.colcon_core.package_identification:_identify(espeak-ng-data/lang/aav) by extensions ['ros']
[0.532s] Level 1:colcon.colcon_core.package_identification:_identify(espeak-ng-data/lang/aav) by extension 'ros'
[0.533s] Level 1:colcon.colcon_core.package_identification:_identify(espeak-ng-data/lang/aav) by extensions ['cmake', 'meson', 'python']
[0.533s] Level 1:colcon.colcon_core.package_identification:_identify(espeak-ng-data/lang/aav) by extension 'cmake'
[0.533s] Level 1:colcon.colcon_core.package_identification:_identify(espeak-ng-data/lang/aav) by extension 'meson'
[0.534s] Level 1:colcon.colcon_core.package_identification:_identify(espeak-ng-data/lang/aav) by extension 'python'
[0.534s] Level 1:colcon.colcon_core.package_identification:_identify(espeak-ng-data/lang/aav) by extensions ['python_setup_py']
[0.534s] Level 1:colcon.colcon_core.package_identification:_identify(espeak-ng-data/lang/aav) by extension 'python_setup_py'
[0.534s] Level 1:colcon.colcon_core.package_identification:_identify(espeak-ng-data/lang/art) by extensions ['ignore', 'ignore_ament_install']
[0.534s] Level 1:colcon.colcon_core.package_identification:_identify(espeak-ng-data/lang/art) by extension 'ignore'
[0.534s] Level 1:colcon.colcon_core.package_identification:_identify(espeak-ng-data/lang/art) by extension 'ignore_ament_install'
[0.535s] Level 1:colcon.colcon_core.package_identification:_identify(espeak-ng-data/lang/art) by extensions ['colcon_pkg']
[0.535s] Level 1:colcon.colcon_core.package_identification:_identify(espeak-ng-data/lang/art) by extension 'colcon_pkg'
[0.535s] Level 1:colcon.colcon_core.package_identification:_identify(espeak-ng-data/lang/art) by extensions ['colcon_meta']
[0.535s] Level 1:colcon.colcon_core.package_identification:_identify(espeak-ng-data/lang/art) by extension 'colcon_meta'
[0.535s] Level 1:colcon.colcon_core.package_identification:_identify(espeak-ng-data/lang/art) by extensions ['ros']
[0.535s] Level 1:colcon.colcon_core.package_identification:_identify(espeak-ng-data/lang/art) by extension 'ros'
[0.535s] Level 1:colcon.colcon_core.package_identification:_identify(espeak-ng-data/lang/art) by extensions ['cmake', 'meson', 'python']
[0.535s] Level 1:colcon.colcon_core.package_identification:_identify(espeak-ng-data/lang/art) by extension 'cmake'
[0.535s] Level 1:colcon.colcon_core.package_identification:_identify(espeak-ng-data/lang/art) by extension 'meson'
[0.536s] Level 1:colcon.colcon_core.package_identification:_identify(espeak-ng-data/lang/art) by extension 'python'
[0.536s] Level 1:colcon.colcon_core.package_identification:_identify(espeak-ng-data/lang/art) by extensions ['python_setup_py']
[0.536s] Level 1:colcon.colcon_core.package_identification:_identify(espeak-ng-data/lang/art) by extension 'python_setup_py'
[0.537s] Level 1:colcon.colcon_core.package_identification:_identify(espeak-ng-data/lang/azc) by extensions ['ignore', 'ignore_ament_install']
[0.537s] Level 1:colcon.colcon_core.package_identification:_identify(espeak-ng-data/lang/azc) by extension 'ignore'
[0.537s] Level 1:colcon.colcon_core.package_identification:_identify(espeak-ng-data/lang/azc) by extension 'ignore_ament_install'
[0.537s] Level 1:colcon.colcon_core.package_identification:_identify(espeak-ng-data/lang/azc) by extensions ['colcon_pkg']
[0.537s] Level 1:colcon.colcon_core.package_identification:_identify(espeak-ng-data/lang/azc) by extension 'colcon_pkg'
[0.537s] Level 1:colcon.colcon_core.package_identification:_identify(espeak-ng-data/lang/azc) by extensions ['colcon_meta']
[0.537s] Level 1:colcon.colcon_core.package_identification:_identify(espeak-ng-data/lang/azc) by extension 'colcon_meta'
[0.537s] Level 1:colcon.colcon_core.package_identification:_identify(espeak-ng-data/lang/azc) by extensions ['ros']
[0.537s] Level 1:colcon.colcon_core.package_identification:_identify(espeak-ng-data/lang/azc) by extension 'ros'
[0.537s] Level 1:colcon.colcon_core.package_identification:_identify(espeak-ng-data/lang/azc) by extensions ['cmake', 'meson', 'python']
[0.537s] Level 1:colcon.colcon_core.package_identification:_identify(espeak-ng-data/lang/azc) by extension 'cmake'
[0.537s] Level 1:colcon.colcon_core.package_identification:_identify(espeak-ng-data/lang/azc) by extension 'meson'
[0.538s] Level 1:colcon.colcon_core.package_identification:_identify(espeak-ng-data/lang/azc) by extension 'python'
[0.538s] Level 1:colcon.colcon_core.package_identification:_identify(espeak-ng-data/lang/azc) by extensions ['python_setup_py']
[0.538s] Level 1:colcon.colcon_core.package_identification:_identify(espeak-ng-data/lang/azc) by extension 'python_setup_py'
[0.538s] Level 1:colcon.colcon_core.package_identification:_identify(espeak-ng-data/lang/bat) by extensions ['ignore', 'ignore_ament_install']
[0.539s] Level 1:colcon.colcon_core.package_identification:_identify(espeak-ng-data/lang/bat) by extension 'ignore'
[0.539s] Level 1:colcon.colcon_core.package_identification:_identify(espeak-ng-data/lang/bat) by extension 'ignore_ament_install'
[0.539s] Level 1:colcon.colcon_core.package_identification:_identify(espeak-ng-data/lang/bat) by extensions ['colcon_pkg']
[0.539s] Level 1:colcon.colcon_core.package_identification:_identify(espeak-ng-data/lang/bat) by extension 'colcon_pkg'
[0.539s] Level 1:colcon.colcon_core.package_identification:_identify(espeak-ng-data/lang/bat) by extensions ['colcon_meta']
[0.539s] Level 1:colcon.colcon_core.package_identification:_identify(espeak-ng-data/lang/bat) by extension 'colcon_meta'
[0.539s] Level 1:colcon.colcon_core.package_identification:_identify(espeak-ng-data/lang/bat) by extensions ['ros']
[0.539s] Level 1:colcon.colcon_core.package_identification:_identify(espeak-ng-data/lang/bat) by extension 'ros'
[0.539s] Level 1:colcon.colcon_core.package_identification:_identify(espeak-ng-data/lang/bat) by extensions ['cmake', 'meson', 'python']
[0.539s] Level 1:colcon.colcon_core.package_identification:_identify(espeak-ng-data/lang/bat) by extension 'cmake'
[0.539s] Level 1:colcon.colcon_core.package_identification:_identify(espeak-ng-data/lang/bat) by extension 'meson'
[0.540s] Level 1:colcon.colcon_core.package_identification:_identify(espeak-ng-data/lang/bat) by extension 'python'
[0.540s] Level 1:colcon.colcon_core.package_identification:_identify(espeak-ng-data/lang/bat) by extensions ['python_setup_py']
[0.540s] Level 1:colcon.colcon_core.package_identification:_identify(espeak-ng-data/lang/bat) by extension 'python_setup_py'
[0.541s] Level 1:colcon.colcon_core.package_identification:_identify(espeak-ng-data/lang/bnt) by extensions ['ignore', 'ignore_ament_install']
[0.541s] Level 1:colcon.colcon_core.package_identification:_identify(espeak-ng-data/lang/bnt) by extension 'ignore'
[0.541s] Level 1:colcon.colcon_core.package_identification:_identify(espeak-ng-data/lang/bnt) by extension 'ignore_ament_install'
[0.541s] Level 1:colcon.colcon_core.package_identification:_identify(espeak-ng-data/lang/bnt) by extensions ['colcon_pkg']
[0.541s] Level 1:colcon.colcon_core.package_identification:_identify(espeak-ng-data/lang/bnt) by extension 'colcon_pkg'
[0.541s] Level 1:colcon.colcon_core.package_identification:_identify(espeak-ng-data/lang/bnt) by extensions ['colcon_meta']
[0.541s] Level 1:colcon.colcon_core.package_identification:_identify(espeak-ng-data/lang/bnt) by extension 'colcon_meta'
[0.541s] Level 1:colcon.colcon_core.package_identification:_identify(espeak-ng-data/lang/bnt) by extensions ['ros']
[0.541s] Level 1:colcon.colcon_core.package_identification:_identify(espeak-ng-data/lang/bnt) by extension 'ros'
[0.541s] Level 1:colcon.colcon_core.package_identification:_identify(espeak-ng-data/lang/bnt) by extensions ['cmake', 'meson', 'python']
[0.541s] Level 1:colcon.colcon_core.package_identification:_identify(espeak-ng-data/lang/bnt) by extension 'cmake'
[0.541s] Level 1:colcon.colcon_core.package_identification:_identify(espeak-ng-data/lang/bnt) by extension 'meson'
[0.542s] Level 1:colcon.colcon_core.package_identification:_identify(espeak-ng-data/lang/bnt) by extension 'python'
[0.543s] Level 1:colcon.colcon_core.package_identification:_identify(espeak-ng-data/lang/bnt) by extensions ['python_setup_py']
[0.543s] Level 1:colcon.colcon_core.package_identification:_identify(espeak-ng-data/lang/bnt) by extension 'python_setup_py'
[0.543s] Level 1:colcon.colcon_core.package_identification:_identify(espeak-ng-data/lang/ccs) by extensions ['ignore', 'ignore_ament_install']
[0.543s] Level 1:colcon.colcon_core.package_identification:_identify(espeak-ng-data/lang/ccs) by extension 'ignore'
[0.543s] Level 1:colcon.colcon_core.package_identification:_identify(espeak-ng-data/lang/ccs) by extension 'ignore_ament_install'
[0.543s] Level 1:colcon.colcon_core.package_identification:_identify(espeak-ng-data/lang/ccs) by extensions ['colcon_pkg']
[0.543s] Level 1:colcon.colcon_core.package_identification:_identify(espeak-ng-data/lang/ccs) by extension 'colcon_pkg'
[0.543s] Level 1:colcon.colcon_core.package_identification:_identify(espeak-ng-data/lang/ccs) by extensions ['colcon_meta']
[0.543s] Level 1:colcon.colcon_core.package_identification:_identify(espeak-ng-data/lang/ccs) by extension 'colcon_meta'
[0.543s] Level 1:colcon.colcon_core.package_identification:_identify(espeak-ng-data/lang/ccs) by extensions ['ros']
[0.543s] Level 1:colcon.colcon_core.package_identification:_identify(espeak-ng-data/lang/ccs) by extension 'ros'
[0.543s] Level 1:colcon.colcon_core.package_identification:_identify(espeak-ng-data/lang/ccs) by extensions ['cmake', 'meson', 'python']
[0.543s] Level 1:colcon.colcon_core.package_identification:_identify(espeak-ng-data/lang/ccs) by extension 'cmake'
[0.543s] Level 1:colcon.colcon_core.package_identification:_identify(espeak-ng-data/lang/ccs) by extension 'meson'
[0.544s] Level 1:colcon.colcon_core.package_identification:_identify(espeak-ng-data/lang/ccs) by extension 'python'
[0.544s] Level 1:colcon.colcon_core.package_identification:_identify(espeak-ng-data/lang/ccs) by extensions ['python_setup_py']
[0.544s] Level 1:colcon.colcon_core.package_identification:_identify(espeak-ng-data/lang/ccs) by extension 'python_setup_py'
[0.545s] Level 1:colcon.colcon_core.package_identification:_identify(espeak-ng-data/lang/cel) by extensions ['ignore', 'ignore_ament_install']
[0.545s] Level 1:colcon.colcon_core.package_identification:_identify(espeak-ng-data/lang/cel) by extension 'ignore'
[0.545s] Level 1:colcon.colcon_core.package_identification:_identify(espeak-ng-data/lang/cel) by extension 'ignore_ament_install'
[0.545s] Level 1:colcon.colcon_core.package_identification:_identify(espeak-ng-data/lang/cel) by extensions ['colcon_pkg']
[0.545s] Level 1:colcon.colcon_core.package_identification:_identify(espeak-ng-data/lang/cel) by extension 'colcon_pkg'
[0.545s] Level 1:colcon.colcon_core.package_identification:_identify(espeak-ng-data/lang/cel) by extensions ['colcon_meta']
[0.545s] Level 1:colcon.colcon_core.package_identification:_identify(espeak-ng-data/lang/cel) by extension 'colcon_meta'
[0.545s] Level 1:colcon.colcon_core.package_identification:_identify(espeak-ng-data/lang/cel) by extensions ['ros']
[0.545s] Level 1:colcon.colcon_core.package_identification:_identify(espeak-ng-data/lang/cel) by extension 'ros'
[0.545s] Level 1:colcon.colcon_core.package_identification:_identify(espeak-ng-data/lang/cel) by extensions ['cmake', 'meson', 'python']
[0.545s] Level 1:colcon.colcon_core.package_identification:_identify(espeak-ng-data/lang/cel) by extension 'cmake'
[0.545s] Level 1:colcon.colcon_core.package_identification:_identify(espeak-ng-data/lang/cel) by extension 'meson'
[0.547s] Level 1:colcon.colcon_core.package_identification:_identify(espeak-ng-data/lang/cel) by extension 'python'
[0.547s] Level 1:colcon.colcon_core.package_identification:_identify(espeak-ng-data/lang/cel) by extensions ['python_setup_py']
[0.547s] Level 1:colcon.colcon_core.package_identification:_identify(espeak-ng-data/lang/cel) by extension 'python_setup_py'
[0.547s] Level 1:colcon.colcon_core.package_identification:_identify(espeak-ng-data/lang/cus) by extensions ['ignore', 'ignore_ament_install']
[0.547s] Level 1:colcon.colcon_core.package_identification:_identify(espeak-ng-data/lang/cus) by extension 'ignore'
[0.547s] Level 1:colcon.colcon_core.package_identification:_identify(espeak-ng-data/lang/cus) by extension 'ignore_ament_install'
[0.547s] Level 1:colcon.colcon_core.package_identification:_identify(espeak-ng-data/lang/cus) by extensions ['colcon_pkg']
[0.547s] Level 1:colcon.colcon_core.package_identification:_identify(espeak-ng-data/lang/cus) by extension 'colcon_pkg'
[0.547s] Level 1:colcon.colcon_core.package_identification:_identify(espeak-ng-data/lang/cus) by extensions ['colcon_meta']
[0.547s] Level 1:colcon.colcon_core.package_identification:_identify(espeak-ng-data/lang/cus) by extension 'colcon_meta'
[0.547s] Level 1:colcon.colcon_core.package_identification:_identify(espeak-ng-data/lang/cus) by extensions ['ros']
[0.547s] Level 1:colcon.colcon_core.package_identification:_identify(espeak-ng-data/lang/cus) by extension 'ros'
[0.547s] Level 1:colcon.colcon_core.package_identification:_identify(espeak-ng-data/lang/cus) by extensions ['cmake', 'meson', 'python']
[0.547s] Level 1:colcon.colcon_core.package_identification:_identify(espeak-ng-data/lang/cus) by extension 'cmake'
[0.547s] Level 1:colcon.colcon_core.package_identification:_identify(espeak-ng-data/lang/cus) by extension 'meson'
[0.549s] Level 1:colcon.colcon_core.package_identification:_identify(espeak-ng-data/lang/cus) by extension 'python'
[0.549s] Level 1:colcon.colcon_core.package_identification:_identify(espeak-ng-data/lang/cus) by extensions ['python_setup_py']
[0.549s] Level 1:colcon.colcon_core.package_identification:_identify(espeak-ng-data/lang/cus) by extension 'python_setup_py'
[0.549s] Level 1:colcon.colcon_core.package_identification:_identify(espeak-ng-data/lang/dra) by extensions ['ignore', 'ignore_ament_install']
[0.549s] Level 1:colcon.colcon_core.package_identification:_identify(espeak-ng-data/lang/dra) by extension 'ignore'
[0.549s] Level 1:colcon.colcon_core.package_identification:_identify(espeak-ng-data/lang/dra) by extension 'ignore_ament_install'
[0.549s] Level 1:colcon.colcon_core.package_identification:_identify(espeak-ng-data/lang/dra) by extensions ['colcon_pkg']
[0.549s] Level 1:colcon.colcon_core.package_identification:_identify(espeak-ng-data/lang/dra) by extension 'colcon_pkg'
[0.549s] Level 1:colcon.colcon_core.package_identification:_identify(espeak-ng-data/lang/dra) by extensions ['colcon_meta']
[0.549s] Level 1:colcon.colcon_core.package_identification:_identify(espeak-ng-data/lang/dra) by extension 'colcon_meta'
[0.549s] Level 1:colcon.colcon_core.package_identification:_identify(espeak-ng-data/lang/dra) by extensions ['ros']
[0.549s] Level 1:colcon.colcon_core.package_identification:_identify(espeak-ng-data/lang/dra) by extension 'ros'
[0.549s] Level 1:colcon.colcon_core.package_identification:_identify(espeak-ng-data/lang/dra) by extensions ['cmake', 'meson', 'python']
[0.549s] Level 1:colcon.colcon_core.package_identification:_identify(espeak-ng-data/lang/dra) by extension 'cmake'
[0.549s] Level 1:colcon.colcon_core.package_identification:_identify(espeak-ng-data/lang/dra) by extension 'meson'
[0.551s] Level 1:colcon.colcon_core.package_identification:_identify(espeak-ng-data/lang/dra) by extension 'python'
[0.551s] Level 1:colcon.colcon_core.package_identification:_identify(espeak-ng-data/lang/dra) by extensions ['python_setup_py']
[0.551s] Level 1:colcon.colcon_core.package_identification:_identify(espeak-ng-data/lang/dra) by extension 'python_setup_py'
[0.551s] Level 1:colcon.colcon_core.package_identification:_identify(espeak-ng-data/lang/esx) by extensions ['ignore', 'ignore_ament_install']
[0.551s] Level 1:colcon.colcon_core.package_identification:_identify(espeak-ng-data/lang/esx) by extension 'ignore'
[0.551s] Level 1:colcon.colcon_core.package_identification:_identify(espeak-ng-data/lang/esx) by extension 'ignore_ament_install'
[0.551s] Level 1:colcon.colcon_core.package_identification:_identify(espeak-ng-data/lang/esx) by extensions ['colcon_pkg']
[0.551s] Level 1:colcon.colcon_core.package_identification:_identify(espeak-ng-data/lang/esx) by extension 'colcon_pkg'
[0.551s] Level 1:colcon.colcon_core.package_identification:_identify(espeak-ng-data/lang/esx) by extensions ['colcon_meta']
[0.551s] Level 1:colcon.colcon_core.package_identification:_identify(espeak-ng-data/lang/esx) by extension 'colcon_meta'
[0.551s] Level 1:colcon.colcon_core.package_identification:_identify(espeak-ng-data/lang/esx) by extensions ['ros']
[0.551s] Level 1:colcon.colcon_core.package_identification:_identify(espeak-ng-data/lang/esx) by extension 'ros'
[0.551s] Level 1:colcon.colcon_core.package_identification:_identify(espeak-ng-data/lang/esx) by extensions ['cmake', 'meson', 'python']
[0.551s] Level 1:colcon.colcon_core.package_identification:_identify(espeak-ng-data/lang/esx) by extension 'cmake'
[0.552s] Level 1:colcon.colcon_core.package_identification:_identify(espeak-ng-data/lang/esx) by extension 'meson'
[0.553s] Level 1:colcon.colcon_core.package_identification:_identify(espeak-ng-data/lang/esx) by extension 'python'
[0.553s] Level 1:colcon.colcon_core.package_identification:_identify(espeak-ng-data/lang/esx) by extensions ['python_setup_py']
[0.553s] Level 1:colcon.colcon_core.package_identification:_identify(espeak-ng-data/lang/esx) by extension 'python_setup_py'
[0.553s] Level 1:colcon.colcon_core.package_identification:_identify(espeak-ng-data/lang/gmq) by extensions ['ignore', 'ignore_ament_install']
[0.553s] Level 1:colcon.colcon_core.package_identification:_identify(espeak-ng-data/lang/gmq) by extension 'ignore'
[0.553s] Level 1:colcon.colcon_core.package_identification:_identify(espeak-ng-data/lang/gmq) by extension 'ignore_ament_install'
[0.553s] Level 1:colcon.colcon_core.package_identification:_identify(espeak-ng-data/lang/gmq) by extensions ['colcon_pkg']
[0.553s] Level 1:colcon.colcon_core.package_identification:_identify(espeak-ng-data/lang/gmq) by extension 'colcon_pkg'
[0.553s] Level 1:colcon.colcon_core.package_identification:_identify(espeak-ng-data/lang/gmq) by extensions ['colcon_meta']
[0.553s] Level 1:colcon.colcon_core.package_identification:_identify(espeak-ng-data/lang/gmq) by extension 'colcon_meta'
[0.553s] Level 1:colcon.colcon_core.package_identification:_identify(espeak-ng-data/lang/gmq) by extensions ['ros']
[0.553s] Level 1:colcon.colcon_core.package_identification:_identify(espeak-ng-data/lang/gmq) by extension 'ros'
[0.553s] Level 1:colcon.colcon_core.package_identification:_identify(espeak-ng-data/lang/gmq) by extensions ['cmake', 'meson', 'python']
[0.553s] Level 1:colcon.colcon_core.package_identification:_identify(espeak-ng-data/lang/gmq) by extension 'cmake'
[0.553s] Level 1:colcon.colcon_core.package_identification:_identify(espeak-ng-data/lang/gmq) by extension 'meson'
[0.554s] Level 1:colcon.colcon_core.package_identification:_identify(espeak-ng-data/lang/gmq) by extension 'python'
[0.555s] Level 1:colcon.colcon_core.package_identification:_identify(espeak-ng-data/lang/gmq) by extensions ['python_setup_py']
[0.555s] Level 1:colcon.colcon_core.package_identification:_identify(espeak-ng-data/lang/gmq) by extension 'python_setup_py'
[0.555s] Level 1:colcon.colcon_core.package_identification:_identify(espeak-ng-data/lang/gmw) by extensions ['ignore', 'ignore_ament_install']
[0.555s] Level 1:colcon.colcon_core.package_identification:_identify(espeak-ng-data/lang/gmw) by extension 'ignore'
[0.555s] Level 1:colcon.colcon_core.package_identification:_identify(espeak-ng-data/lang/gmw) by extension 'ignore_ament_install'
[0.555s] Level 1:colcon.colcon_core.package_identification:_identify(espeak-ng-data/lang/gmw) by extensions ['colcon_pkg']
[0.555s] Level 1:colcon.colcon_core.package_identification:_identify(espeak-ng-data/lang/gmw) by extension 'colcon_pkg'
[0.555s] Level 1:colcon.colcon_core.package_identification:_identify(espeak-ng-data/lang/gmw) by extensions ['colcon_meta']
[0.555s] Level 1:colcon.colcon_core.package_identification:_identify(espeak-ng-data/lang/gmw) by extension 'colcon_meta'
[0.555s] Level 1:colcon.colcon_core.package_identification:_identify(espeak-ng-data/lang/gmw) by extensions ['ros']
[0.555s] Level 1:colcon.colcon_core.package_identification:_identify(espeak-ng-data/lang/gmw) by extension 'ros'
[0.555s] Level 1:colcon.colcon_core.package_identification:_identify(espeak-ng-data/lang/gmw) by extensions ['cmake', 'meson', 'python']
[0.555s] Level 1:colcon.colcon_core.package_identification:_identify(espeak-ng-data/lang/gmw) by extension 'cmake'
[0.556s] Level 1:colcon.colcon_core.package_identification:_identify(espeak-ng-data/lang/gmw) by extension 'meson'
[0.557s] Level 1:colcon.colcon_core.package_identification:_identify(espeak-ng-data/lang/gmw) by extension 'python'
[0.557s] Level 1:colcon.colcon_core.package_identification:_identify(espeak-ng-data/lang/gmw) by extensions ['python_setup_py']
[0.557s] Level 1:colcon.colcon_core.package_identification:_identify(espeak-ng-data/lang/gmw) by extension 'python_setup_py'
[0.557s] Level 1:colcon.colcon_core.package_identification:_identify(espeak-ng-data/lang/grk) by extensions ['ignore', 'ignore_ament_install']
[0.557s] Level 1:colcon.colcon_core.package_identification:_identify(espeak-ng-data/lang/grk) by extension 'ignore'
[0.557s] Level 1:colcon.colcon_core.package_identification:_identify(espeak-ng-data/lang/grk) by extension 'ignore_ament_install'
[0.557s] Level 1:colcon.colcon_core.package_identification:_identify(espeak-ng-data/lang/grk) by extensions ['colcon_pkg']
[0.557s] Level 1:colcon.colcon_core.package_identification:_identify(espeak-ng-data/lang/grk) by extension 'colcon_pkg'
[0.557s] Level 1:colcon.colcon_core.package_identification:_identify(espeak-ng-data/lang/grk) by extensions ['colcon_meta']
[0.557s] Level 1:colcon.colcon_core.package_identification:_identify(espeak-ng-data/lang/grk) by extension 'colcon_meta'
[0.558s] Level 1:colcon.colcon_core.package_identification:_identify(espeak-ng-data/lang/grk) by extensions ['ros']
[0.558s] Level 1:colcon.colcon_core.package_identification:_identify(espeak-ng-data/lang/grk) by extension 'ros'
[0.558s] Level 1:colcon.colcon_core.package_identification:_identify(espeak-ng-data/lang/grk) by extensions ['cmake', 'meson', 'python']
[0.558s] Level 1:colcon.colcon_core.package_identification:_identify(espeak-ng-data/lang/grk) by extension 'cmake'
[0.558s] Level 1:colcon.colcon_core.package_identification:_identify(espeak-ng-data/lang/grk) by extension 'meson'
[0.559s] Level 1:colcon.colcon_core.package_identification:_identify(espeak-ng-data/lang/grk) by extension 'python'
[0.559s] Level 1:colcon.colcon_core.package_identification:_identify(espeak-ng-data/lang/grk) by extensions ['python_setup_py']
[0.559s] Level 1:colcon.colcon_core.package_identification:_identify(espeak-ng-data/lang/grk) by extension 'python_setup_py'
[0.559s] Level 1:colcon.colcon_core.package_identification:_identify(espeak-ng-data/lang/inc) by extensions ['ignore', 'ignore_ament_install']
[0.559s] Level 1:colcon.colcon_core.package_identification:_identify(espeak-ng-data/lang/inc) by extension 'ignore'
[0.559s] Level 1:colcon.colcon_core.package_identification:_identify(espeak-ng-data/lang/inc) by extension 'ignore_ament_install'
[0.559s] Level 1:colcon.colcon_core.package_identification:_identify(espeak-ng-data/lang/inc) by extensions ['colcon_pkg']
[0.559s] Level 1:colcon.colcon_core.package_identification:_identify(espeak-ng-data/lang/inc) by extension 'colcon_pkg'
[0.559s] Level 1:colcon.colcon_core.package_identification:_identify(espeak-ng-data/lang/inc) by extensions ['colcon_meta']
[0.559s] Level 1:colcon.colcon_core.package_identification:_identify(espeak-ng-data/lang/inc) by extension 'colcon_meta'
[0.559s] Level 1:colcon.colcon_core.package_identification:_identify(espeak-ng-data/lang/inc) by extensions ['ros']
[0.560s] Level 1:colcon.colcon_core.package_identification:_identify(espeak-ng-data/lang/inc) by extension 'ros'
[0.560s] Level 1:colcon.colcon_core.package_identification:_identify(espeak-ng-data/lang/inc) by extensions ['cmake', 'meson', 'python']
[0.560s] Level 1:colcon.colcon_core.package_identification:_identify(espeak-ng-data/lang/inc) by extension 'cmake'
[0.560s] Level 1:colcon.colcon_core.package_identification:_identify(espeak-ng-data/lang/inc) by extension 'meson'
[0.561s] Level 1:colcon.colcon_core.package_identification:_identify(espeak-ng-data/lang/inc) by extension 'python'
[0.561s] Level 1:colcon.colcon_core.package_identification:_identify(espeak-ng-data/lang/inc) by extensions ['python_setup_py']
[0.561s] Level 1:colcon.colcon_core.package_identification:_identify(espeak-ng-data/lang/inc) by extension 'python_setup_py'
[0.561s] Level 1:colcon.colcon_core.package_identification:_identify(espeak-ng-data/lang/ine) by extensions ['ignore', 'ignore_ament_install']
[0.561s] Level 1:colcon.colcon_core.package_identification:_identify(espeak-ng-data/lang/ine) by extension 'ignore'
[0.561s] Level 1:colcon.colcon_core.package_identification:_identify(espeak-ng-data/lang/ine) by extension 'ignore_ament_install'
[0.561s] Level 1:colcon.colcon_core.package_identification:_identify(espeak-ng-data/lang/ine) by extensions ['colcon_pkg']
[0.561s] Level 1:colcon.colcon_core.package_identification:_identify(espeak-ng-data/lang/ine) by extension 'colcon_pkg'
[0.561s] Level 1:colcon.colcon_core.package_identification:_identify(espeak-ng-data/lang/ine) by extensions ['colcon_meta']
[0.562s] Level 1:colcon.colcon_core.package_identification:_identify(espeak-ng-data/lang/ine) by extension 'colcon_meta'
[0.562s] Level 1:colcon.colcon_core.package_identification:_identify(espeak-ng-data/lang/ine) by extensions ['ros']
[0.562s] Level 1:colcon.colcon_core.package_identification:_identify(espeak-ng-data/lang/ine) by extension 'ros'
[0.562s] Level 1:colcon.colcon_core.package_identification:_identify(espeak-ng-data/lang/ine) by extensions ['cmake', 'meson', 'python']
[0.562s] Level 1:colcon.colcon_core.package_identification:_identify(espeak-ng-data/lang/ine) by extension 'cmake'
[0.562s] Level 1:colcon.colcon_core.package_identification:_identify(espeak-ng-data/lang/ine) by extension 'meson'
[0.563s] Level 1:colcon.colcon_core.package_identification:_identify(espeak-ng-data/lang/ine) by extension 'python'
[0.563s] Level 1:colcon.colcon_core.package_identification:_identify(espeak-ng-data/lang/ine) by extensions ['python_setup_py']
[0.563s] Level 1:colcon.colcon_core.package_identification:_identify(espeak-ng-data/lang/ine) by extension 'python_setup_py'
[0.563s] Level 1:colcon.colcon_core.package_identification:_identify(espeak-ng-data/lang/ira) by extensions ['ignore', 'ignore_ament_install']
[0.563s] Level 1:colcon.colcon_core.package_identification:_identify(espeak-ng-data/lang/ira) by extension 'ignore'
[0.563s] Level 1:colcon.colcon_core.package_identification:_identify(espeak-ng-data/lang/ira) by extension 'ignore_ament_install'
[0.563s] Level 1:colcon.colcon_core.package_identification:_identify(espeak-ng-data/lang/ira) by extensions ['colcon_pkg']
[0.564s] Level 1:colcon.colcon_core.package_identification:_identify(espeak-ng-data/lang/ira) by extension 'colcon_pkg'
[0.564s] Level 1:colcon.colcon_core.package_identification:_identify(espeak-ng-data/lang/ira) by extensions ['colcon_meta']
[0.564s] Level 1:colcon.colcon_core.package_identification:_identify(espeak-ng-data/lang/ira) by extension 'colcon_meta'
[0.564s] Level 1:colcon.colcon_core.package_identification:_identify(espeak-ng-data/lang/ira) by extensions ['ros']
[0.564s] Level 1:colcon.colcon_core.package_identification:_identify(espeak-ng-data/lang/ira) by extension 'ros'
[0.564s] Level 1:colcon.colcon_core.package_identification:_identify(espeak-ng-data/lang/ira) by extensions ['cmake', 'meson', 'python']
[0.564s] Level 1:colcon.colcon_core.package_identification:_identify(espeak-ng-data/lang/ira) by extension 'cmake'
[0.564s] Level 1:colcon.colcon_core.package_identification:_identify(espeak-ng-data/lang/ira) by extension 'meson'
[0.565s] Level 1:colcon.colcon_core.package_identification:_identify(espeak-ng-data/lang/ira) by extension 'python'
[0.565s] Level 1:colcon.colcon_core.package_identification:_identify(espeak-ng-data/lang/ira) by extensions ['python_setup_py']
[0.565s] Level 1:colcon.colcon_core.package_identification:_identify(espeak-ng-data/lang/ira) by extension 'python_setup_py'
[0.565s] Level 1:colcon.colcon_core.package_identification:_identify(espeak-ng-data/lang/iro) by extensions ['ignore', 'ignore_ament_install']
[0.565s] Level 1:colcon.colcon_core.package_identification:_identify(espeak-ng-data/lang/iro) by extension 'ignore'
[0.565s] Level 1:colcon.colcon_core.package_identification:_identify(espeak-ng-data/lang/iro) by extension 'ignore_ament_install'
[0.565s] Level 1:colcon.colcon_core.package_identification:_identify(espeak-ng-data/lang/iro) by extensions ['colcon_pkg']
[0.565s] Level 1:colcon.colcon_core.package_identification:_identify(espeak-ng-data/lang/iro) by extension 'colcon_pkg'
[0.565s] Level 1:colcon.colcon_core.package_identification:_identify(espeak-ng-data/lang/iro) by extensions ['colcon_meta']
[0.566s] Level 1:colcon.colcon_core.package_identification:_identify(espeak-ng-data/lang/iro) by extension 'colcon_meta'
[0.566s] Level 1:colcon.colcon_core.package_identification:_identify(espeak-ng-data/lang/iro) by extensions ['ros']
[0.566s] Level 1:colcon.colcon_core.package_identification:_identify(espeak-ng-data/lang/iro) by extension 'ros'
[0.566s] Level 1:colcon.colcon_core.package_identification:_identify(espeak-ng-data/lang/iro) by extensions ['cmake', 'meson', 'python']
[0.566s] Level 1:colcon.colcon_core.package_identification:_identify(espeak-ng-data/lang/iro) by extension 'cmake'
[0.566s] Level 1:colcon.colcon_core.package_identification:_identify(espeak-ng-data/lang/iro) by extension 'meson'
[0.567s] Level 1:colcon.colcon_core.package_identification:_identify(espeak-ng-data/lang/iro) by extension 'python'
[0.567s] Level 1:colcon.colcon_core.package_identification:_identify(espeak-ng-data/lang/iro) by extensions ['python_setup_py']
[0.567s] Level 1:colcon.colcon_core.package_identification:_identify(espeak-ng-data/lang/iro) by extension 'python_setup_py'
[0.567s] Level 1:colcon.colcon_core.package_identification:_identify(espeak-ng-data/lang/itc) by extensions ['ignore', 'ignore_ament_install']
[0.567s] Level 1:colcon.colcon_core.package_identification:_identify(espeak-ng-data/lang/itc) by extension 'ignore'
[0.568s] Level 1:colcon.colcon_core.package_identification:_identify(espeak-ng-data/lang/itc) by extension 'ignore_ament_install'
[0.568s] Level 1:colcon.colcon_core.package_identification:_identify(espeak-ng-data/lang/itc) by extensions ['colcon_pkg']
[0.568s] Level 1:colcon.colcon_core.package_identification:_identify(espeak-ng-data/lang/itc) by extension 'colcon_pkg'
[0.568s] Level 1:colcon.colcon_core.package_identification:_identify(espeak-ng-data/lang/itc) by extensions ['colcon_meta']
[0.568s] Level 1:colcon.colcon_core.package_identification:_identify(espeak-ng-data/lang/itc) by extension 'colcon_meta'
[0.568s] Level 1:colcon.colcon_core.package_identification:_identify(espeak-ng-data/lang/itc) by extensions ['ros']
[0.568s] Level 1:colcon.colcon_core.package_identification:_identify(espeak-ng-data/lang/itc) by extension 'ros'
[0.568s] Level 1:colcon.colcon_core.package_identification:_identify(espeak-ng-data/lang/itc) by extensions ['cmake', 'meson', 'python']
[0.568s] Level 1:colcon.colcon_core.package_identification:_identify(espeak-ng-data/lang/itc) by extension 'cmake'
[0.568s] Level 1:colcon.colcon_core.package_identification:_identify(espeak-ng-data/lang/itc) by extension 'meson'
[0.569s] Level 1:colcon.colcon_core.package_identification:_identify(espeak-ng-data/lang/itc) by extension 'python'
[0.569s] Level 1:colcon.colcon_core.package_identification:_identify(espeak-ng-data/lang/itc) by extensions ['python_setup_py']
[0.569s] Level 1:colcon.colcon_core.package_identification:_identify(espeak-ng-data/lang/itc) by extension 'python_setup_py'
[0.570s] Level 1:colcon.colcon_core.package_identification:_identify(espeak-ng-data/lang/jpx) by extensions ['ignore', 'ignore_ament_install']
[0.570s] Level 1:colcon.colcon_core.package_identification:_identify(espeak-ng-data/lang/jpx) by extension 'ignore'
[0.570s] Level 1:colcon.colcon_core.package_identification:_identify(espeak-ng-data/lang/jpx) by extension 'ignore_ament_install'
[0.570s] Level 1:colcon.colcon_core.package_identification:_identify(espeak-ng-data/lang/jpx) by extensions ['colcon_pkg']
[0.570s] Level 1:colcon.colcon_core.package_identification:_identify(espeak-ng-data/lang/jpx) by extension 'colcon_pkg'
[0.570s] Level 1:colcon.colcon_core.package_identification:_identify(espeak-ng-data/lang/jpx) by extensions ['colcon_meta']
[0.570s] Level 1:colcon.colcon_core.package_identification:_identify(espeak-ng-data/lang/jpx) by extension 'colcon_meta'
[0.570s] Level 1:colcon.colcon_core.package_identification:_identify(espeak-ng-data/lang/jpx) by extensions ['ros']
[0.570s] Level 1:colcon.colcon_core.package_identification:_identify(espeak-ng-data/lang/jpx) by extension 'ros'
[0.570s] Level 1:colcon.colcon_core.package_identification:_identify(espeak-ng-data/lang/jpx) by extensions ['cmake', 'meson', 'python']
[0.570s] Level 1:colcon.colcon_core.package_identification:_identify(espeak-ng-data/lang/jpx) by extension 'cmake'
[0.570s] Level 1:colcon.colcon_core.package_identification:_identify(espeak-ng-data/lang/jpx) by extension 'meson'
[0.571s] Level 1:colcon.colcon_core.package_identification:_identify(espeak-ng-data/lang/jpx) by extension 'python'
[0.571s] Level 1:colcon.colcon_core.package_identification:_identify(espeak-ng-data/lang/jpx) by extensions ['python_setup_py']
[0.571s] Level 1:colcon.colcon_core.package_identification:_identify(espeak-ng-data/lang/jpx) by extension 'python_setup_py'
[0.572s] Level 1:colcon.colcon_core.package_identification:_identify(espeak-ng-data/lang/map) by extensions ['ignore', 'ignore_ament_install']
[0.572s] Level 1:colcon.colcon_core.package_identification:_identify(espeak-ng-data/lang/map) by extension 'ignore'
[0.572s] Level 1:colcon.colcon_core.package_identification:_identify(espeak-ng-data/lang/map) by extension 'ignore_ament_install'
[0.572s] Level 1:colcon.colcon_core.package_identification:_identify(espeak-ng-data/lang/map) by extensions ['colcon_pkg']
[0.572s] Level 1:colcon.colcon_core.package_identification:_identify(espeak-ng-data/lang/map) by extension 'colcon_pkg'
[0.572s] Level 1:colcon.colcon_core.package_identification:_identify(espeak-ng-data/lang/map) by extensions ['colcon_meta']
[0.572s] Level 1:colcon.colcon_core.package_identification:_identify(espeak-ng-data/lang/map) by extension 'colcon_meta'
[0.572s] Level 1:colcon.colcon_core.package_identification:_identify(espeak-ng-data/lang/map) by extensions ['ros']
[0.572s] Level 1:colcon.colcon_core.package_identification:_identify(espeak-ng-data/lang/map) by extension 'ros'
[0.572s] Level 1:colcon.colcon_core.package_identification:_identify(espeak-ng-data/lang/map) by extensions ['cmake', 'meson', 'python']
[0.572s] Level 1:colcon.colcon_core.package_identification:_identify(espeak-ng-data/lang/map) by extension 'cmake'
[0.572s] Level 1:colcon.colcon_core.package_identification:_identify(espeak-ng-data/lang/map) by extension 'meson'
[0.573s] Level 1:colcon.colcon_core.package_identification:_identify(espeak-ng-data/lang/map) by extension 'python'
[0.573s] Level 1:colcon.colcon_core.package_identification:_identify(espeak-ng-data/lang/map) by extensions ['python_setup_py']
[0.573s] Level 1:colcon.colcon_core.package_identification:_identify(espeak-ng-data/lang/map) by extension 'python_setup_py'
[0.573s] Level 1:colcon.colcon_core.package_identification:_identify(espeak-ng-data/lang/miz) by extensions ['ignore', 'ignore_ament_install']
[0.574s] Level 1:colcon.colcon_core.package_identification:_identify(espeak-ng-data/lang/miz) by extension 'ignore'
[0.574s] Level 1:colcon.colcon_core.package_identification:_identify(espeak-ng-data/lang/miz) by extension 'ignore_ament_install'
[0.574s] Level 1:colcon.colcon_core.package_identification:_identify(espeak-ng-data/lang/miz) by extensions ['colcon_pkg']
[0.574s] Level 1:colcon.colcon_core.package_identification:_identify(espeak-ng-data/lang/miz) by extension 'colcon_pkg'
[0.574s] Level 1:colcon.colcon_core.package_identification:_identify(espeak-ng-data/lang/miz) by extensions ['colcon_meta']
[0.574s] Level 1:colcon.colcon_core.package_identification:_identify(espeak-ng-data/lang/miz) by extension 'colcon_meta'
[0.574s] Level 1:colcon.colcon_core.package_identification:_identify(espeak-ng-data/lang/miz) by extensions ['ros']
[0.574s] Level 1:colcon.colcon_core.package_identification:_identify(espeak-ng-data/lang/miz) by extension 'ros'
[0.574s] Level 1:colcon.colcon_core.package_identification:_identify(espeak-ng-data/lang/miz) by extensions ['cmake', 'meson', 'python']
[0.574s] Level 1:colcon.colcon_core.package_identification:_identify(espeak-ng-data/lang/miz) by extension 'cmake'
[0.574s] Level 1:colcon.colcon_core.package_identification:_identify(espeak-ng-data/lang/miz) by extension 'meson'
[0.575s] Level 1:colcon.colcon_core.package_identification:_identify(espeak-ng-data/lang/miz) by extension 'python'
[0.575s] Level 1:colcon.colcon_core.package_identification:_identify(espeak-ng-data/lang/miz) by extensions ['python_setup_py']
[0.575s] Level 1:colcon.colcon_core.package_identification:_identify(espeak-ng-data/lang/miz) by extension 'python_setup_py'
[0.575s] Level 1:colcon.colcon_core.package_identification:_identify(espeak-ng-data/lang/myn) by extensions ['ignore', 'ignore_ament_install']
[0.575s] Level 1:colcon.colcon_core.package_identification:_identify(espeak-ng-data/lang/myn) by extension 'ignore'
[0.575s] Level 1:colcon.colcon_core.package_identification:_identify(espeak-ng-data/lang/myn) by extension 'ignore_ament_install'
[0.576s] Level 1:colcon.colcon_core.package_identification:_identify(espeak-ng-data/lang/myn) by extensions ['colcon_pkg']
[0.576s] Level 1:colcon.colcon_core.package_identification:_identify(espeak-ng-data/lang/myn) by extension 'colcon_pkg'
[0.576s] Level 1:colcon.colcon_core.package_identification:_identify(espeak-ng-data/lang/myn) by extensions ['colcon_meta']
[0.576s] Level 1:colcon.colcon_core.package_identification:_identify(espeak-ng-data/lang/myn) by extension 'colcon_meta'
[0.576s] Level 1:colcon.colcon_core.package_identification:_identify(espeak-ng-data/lang/myn) by extensions ['ros']
[0.576s] Level 1:colcon.colcon_core.package_identification:_identify(espeak-ng-data/lang/myn) by extension 'ros'
[0.576s] Level 1:colcon.colcon_core.package_identification:_identify(espeak-ng-data/lang/myn) by extensions ['cmake', 'meson', 'python']
[0.576s] Level 1:colcon.colcon_core.package_identification:_identify(espeak-ng-data/lang/myn) by extension 'cmake'
[0.576s] Level 1:colcon.colcon_core.package_identification:_identify(espeak-ng-data/lang/myn) by extension 'meson'
[0.577s] Level 1:colcon.colcon_core.package_identification:_identify(espeak-ng-data/lang/myn) by extension 'python'
[0.577s] Level 1:colcon.colcon_core.package_identification:_identify(espeak-ng-data/lang/myn) by extensions ['python_setup_py']
[0.577s] Level 1:colcon.colcon_core.package_identification:_identify(espeak-ng-data/lang/myn) by extension 'python_setup_py'
[0.578s] Level 1:colcon.colcon_core.package_identification:_identify(espeak-ng-data/lang/poz) by extensions ['ignore', 'ignore_ament_install']
[0.578s] Level 1:colcon.colcon_core.package_identification:_identify(espeak-ng-data/lang/poz) by extension 'ignore'
[0.578s] Level 1:colcon.colcon_core.package_identification:_identify(espeak-ng-data/lang/poz) by extension 'ignore_ament_install'
[0.578s] Level 1:colcon.colcon_core.package_identification:_identify(espeak-ng-data/lang/poz) by extensions ['colcon_pkg']
[0.578s] Level 1:colcon.colcon_core.package_identification:_identify(espeak-ng-data/lang/poz) by extension 'colcon_pkg'
[0.578s] Level 1:colcon.colcon_core.package_identification:_identify(espeak-ng-data/lang/poz) by extensions ['colcon_meta']
[0.578s] Level 1:colcon.colcon_core.package_identification:_identify(espeak-ng-data/lang/poz) by extension 'colcon_meta'
[0.578s] Level 1:colcon.colcon_core.package_identification:_identify(espeak-ng-data/lang/poz) by extensions ['ros']
[0.578s] Level 1:colcon.colcon_core.package_identification:_identify(espeak-ng-data/lang/poz) by extension 'ros'
[0.578s] Level 1:colcon.colcon_core.package_identification:_identify(espeak-ng-data/lang/poz) by extensions ['cmake', 'meson', 'python']
[0.578s] Level 1:colcon.colcon_core.package_identification:_identify(espeak-ng-data/lang/poz) by extension 'cmake'
[0.578s] Level 1:colcon.colcon_core.package_identification:_identify(espeak-ng-data/lang/poz) by extension 'meson'
[0.579s] Level 1:colcon.colcon_core.package_identification:_identify(espeak-ng-data/lang/poz) by extension 'python'
[0.579s] Level 1:colcon.colcon_core.package_identification:_identify(espeak-ng-data/lang/poz) by extensions ['python_setup_py']
[0.579s] Level 1:colcon.colcon_core.package_identification:_identify(espeak-ng-data/lang/poz) by extension 'python_setup_py'
[0.579s] Level 1:colcon.colcon_core.package_identification:_identify(espeak-ng-data/lang/roa) by extensions ['ignore', 'ignore_ament_install']
[0.580s] Level 1:colcon.colcon_core.package_identification:_identify(espeak-ng-data/lang/roa) by extension 'ignore'
[0.580s] Level 1:colcon.colcon_core.package_identification:_identify(espeak-ng-data/lang/roa) by extension 'ignore_ament_install'
[0.580s] Level 1:colcon.colcon_core.package_identification:_identify(espeak-ng-data/lang/roa) by extensions ['colcon_pkg']
[0.580s] Level 1:colcon.colcon_core.package_identification:_identify(espeak-ng-data/lang/roa) by extension 'colcon_pkg'
[0.580s] Level 1:colcon.colcon_core.package_identification:_identify(espeak-ng-data/lang/roa) by extensions ['colcon_meta']
[0.580s] Level 1:colcon.colcon_core.package_identification:_identify(espeak-ng-data/lang/roa) by extension 'colcon_meta'
[0.580s] Level 1:colcon.colcon_core.package_identification:_identify(espeak-ng-data/lang/roa) by extensions ['ros']
[0.580s] Level 1:colcon.colcon_core.package_identification:_identify(espeak-ng-data/lang/roa) by extension 'ros'
[0.580s] Level 1:colcon.colcon_core.package_identification:_identify(espeak-ng-data/lang/roa) by extensions ['cmake', 'meson', 'python']
[0.580s] Level 1:colcon.colcon_core.package_identification:_identify(espeak-ng-data/lang/roa) by extension 'cmake'
[0.580s] Level 1:colcon.colcon_core.package_identification:_identify(espeak-ng-data/lang/roa) by extension 'meson'
[0.581s] Level 1:colcon.colcon_core.package_identification:_identify(espeak-ng-data/lang/roa) by extension 'python'
[0.581s] Level 1:colcon.colcon_core.package_identification:_identify(espeak-ng-data/lang/roa) by extensions ['python_setup_py']
[0.581s] Level 1:colcon.colcon_core.package_identification:_identify(espeak-ng-data/lang/roa) by extension 'python_setup_py'
[0.581s] Level 1:colcon.colcon_core.package_identification:_identify(espeak-ng-data/lang/sai) by extensions ['ignore', 'ignore_ament_install']
[0.581s] Level 1:colcon.colcon_core.package_identification:_identify(espeak-ng-data/lang/sai) by extension 'ignore'
[0.581s] Level 1:colcon.colcon_core.package_identification:_identify(espeak-ng-data/lang/sai) by extension 'ignore_ament_install'
[0.582s] Level 1:colcon.colcon_core.package_identification:_identify(espeak-ng-data/lang/sai) by extensions ['colcon_pkg']
[0.582s] Level 1:colcon.colcon_core.package_identification:_identify(espeak-ng-data/lang/sai) by extension 'colcon_pkg'
[0.582s] Level 1:colcon.colcon_core.package_identification:_identify(espeak-ng-data/lang/sai) by extensions ['colcon_meta']
[0.582s] Level 1:colcon.colcon_core.package_identification:_identify(espeak-ng-data/lang/sai) by extension 'colcon_meta'
[0.582s] Level 1:colcon.colcon_core.package_identification:_identify(espeak-ng-data/lang/sai) by extensions ['ros']
[0.582s] Level 1:colcon.colcon_core.package_identification:_identify(espeak-ng-data/lang/sai) by extension 'ros'
[0.582s] Level 1:colcon.colcon_core.package_identification:_identify(espeak-ng-data/lang/sai) by extensions ['cmake', 'meson', 'python']
[0.582s] Level 1:colcon.colcon_core.package_identification:_identify(espeak-ng-data/lang/sai) by extension 'cmake'
[0.582s] Level 1:colcon.colcon_core.package_identification:_identify(espeak-ng-data/lang/sai) by extension 'meson'
[0.583s] Level 1:colcon.colcon_core.package_identification:_identify(espeak-ng-data/lang/sai) by extension 'python'
[0.583s] Level 1:colcon.colcon_core.package_identification:_identify(espeak-ng-data/lang/sai) by extensions ['python_setup_py']
[0.583s] Level 1:colcon.colcon_core.package_identification:_identify(espeak-ng-data/lang/sai) by extension 'python_setup_py'
[0.584s] Level 1:colcon.colcon_core.package_identification:_identify(espeak-ng-data/lang/sem) by extensions ['ignore', 'ignore_ament_install']
[0.584s] Level 1:colcon.colcon_core.package_identification:_identify(espeak-ng-data/lang/sem) by extension 'ignore'
[0.584s] Level 1:colcon.colcon_core.package_identification:_identify(espeak-ng-data/lang/sem) by extension 'ignore_ament_install'
[0.584s] Level 1:colcon.colcon_core.package_identification:_identify(espeak-ng-data/lang/sem) by extensions ['colcon_pkg']
[0.584s] Level 1:colcon.colcon_core.package_identification:_identify(espeak-ng-data/lang/sem) by extension 'colcon_pkg'
[0.584s] Level 1:colcon.colcon_core.package_identification:_identify(espeak-ng-data/lang/sem) by extensions ['colcon_meta']
[0.584s] Level 1:colcon.colcon_core.package_identification:_identify(espeak-ng-data/lang/sem) by extension 'colcon_meta'
[0.584s] Level 1:colcon.colcon_core.package_identification:_identify(espeak-ng-data/lang/sem) by extensions ['ros']
[0.584s] Level 1:colcon.colcon_core.package_identification:_identify(espeak-ng-data/lang/sem) by extension 'ros'
[0.584s] Level 1:colcon.colcon_core.package_identification:_identify(espeak-ng-data/lang/sem) by extensions ['cmake', 'meson', 'python']
[0.584s] Level 1:colcon.colcon_core.package_identification:_identify(espeak-ng-data/lang/sem) by extension 'cmake'
[0.584s] Level 1:colcon.colcon_core.package_identification:_identify(espeak-ng-data/lang/sem) by extension 'meson'
[0.585s] Level 1:colcon.colcon_core.package_identification:_identify(espeak-ng-data/lang/sem) by extension 'python'
[0.585s] Level 1:colcon.colcon_core.package_identification:_identify(espeak-ng-data/lang/sem) by extensions ['python_setup_py']
[0.585s] Level 1:colcon.colcon_core.package_identification:_identify(espeak-ng-data/lang/sem) by extension 'python_setup_py'
[0.585s] Level 1:colcon.colcon_core.package_identification:_identify(espeak-ng-data/lang/sit) by extensions ['ignore', 'ignore_ament_install']
[0.585s] Level 1:colcon.colcon_core.package_identification:_identify(espeak-ng-data/lang/sit) by extension 'ignore'
[0.586s] Level 1:colcon.colcon_core.package_identification:_identify(espeak-ng-data/lang/sit) by extension 'ignore_ament_install'
[0.586s] Level 1:colcon.colcon_core.package_identification:_identify(espeak-ng-data/lang/sit) by extensions ['colcon_pkg']
[0.586s] Level 1:colcon.colcon_core.package_identification:_identify(espeak-ng-data/lang/sit) by extension 'colcon_pkg'
[0.586s] Level 1:colcon.colcon_core.package_identification:_identify(espeak-ng-data/lang/sit) by extensions ['colcon_meta']
[0.586s] Level 1:colcon.colcon_core.package_identification:_identify(espeak-ng-data/lang/sit) by extension 'colcon_meta'
[0.586s] Level 1:colcon.colcon_core.package_identification:_identify(espeak-ng-data/lang/sit) by extensions ['ros']
[0.586s] Level 1:colcon.colcon_core.package_identification:_identify(espeak-ng-data/lang/sit) by extension 'ros'
[0.586s] Level 1:colcon.colcon_core.package_identification:_identify(espeak-ng-data/lang/sit) by extensions ['cmake', 'meson', 'python']
[0.586s] Level 1:colcon.colcon_core.package_identification:_identify(espeak-ng-data/lang/sit) by extension 'cmake'
[0.586s] Level 1:colcon.colcon_core.package_identification:_identify(espeak-ng-data/lang/sit) by extension 'meson'
[0.587s] Level 1:colcon.colcon_core.package_identification:_identify(espeak-ng-data/lang/sit) by extension 'python'
[0.587s] Level 1:colcon.colcon_core.package_identification:_identify(espeak-ng-data/lang/sit) by extensions ['python_setup_py']
[0.587s] Level 1:colcon.colcon_core.package_identification:_identify(espeak-ng-data/lang/sit) by extension 'python_setup_py'
[0.587s] Level 1:colcon.colcon_core.package_identification:_identify(espeak-ng-data/lang/tai) by extensions ['ignore', 'ignore_ament_install']
[0.588s] Level 1:colcon.colcon_core.package_identification:_identify(espeak-ng-data/lang/tai) by extension 'ignore'
[0.588s] Level 1:colcon.colcon_core.package_identification:_identify(espeak-ng-data/lang/tai) by extension 'ignore_ament_install'
[0.588s] Level 1:colcon.colcon_core.package_identification:_identify(espeak-ng-data/lang/tai) by extensions ['colcon_pkg']
[0.588s] Level 1:colcon.colcon_core.package_identification:_identify(espeak-ng-data/lang/tai) by extension 'colcon_pkg'
[0.588s] Level 1:colcon.colcon_core.package_identification:_identify(espeak-ng-data/lang/tai) by extensions ['colcon_meta']
[0.588s] Level 1:colcon.colcon_core.package_identification:_identify(espeak-ng-data/lang/tai) by extension 'colcon_meta'
[0.588s] Level 1:colcon.colcon_core.package_identification:_identify(espeak-ng-data/lang/tai) by extensions ['ros']
[0.588s] Level 1:colcon.colcon_core.package_identification:_identify(espeak-ng-data/lang/tai) by extension 'ros'
[0.588s] Level 1:colcon.colcon_core.package_identification:_identify(espeak-ng-data/lang/tai) by extensions ['cmake', 'meson', 'python']
[0.588s] Level 1:colcon.colcon_core.package_identification:_identify(espeak-ng-data/lang/tai) by extension 'cmake'
[0.588s] Level 1:colcon.colcon_core.package_identification:_identify(espeak-ng-data/lang/tai) by extension 'meson'
[0.589s] Level 1:colcon.colcon_core.package_identification:_identify(espeak-ng-data/lang/tai) by extension 'python'
[0.589s] Level 1:colcon.colcon_core.package_identification:_identify(espeak-ng-data/lang/tai) by extensions ['python_setup_py']
[0.589s] Level 1:colcon.colcon_core.package_identification:_identify(espeak-ng-data/lang/tai) by extension 'python_setup_py'
[0.590s] Level 1:colcon.colcon_core.package_identification:_identify(espeak-ng-data/lang/trk) by extensions ['ignore', 'ignore_ament_install']
[0.590s] Level 1:colcon.colcon_core.package_identification:_identify(espeak-ng-data/lang/trk) by extension 'ignore'
[0.590s] Level 1:colcon.colcon_core.package_identification:_identify(espeak-ng-data/lang/trk) by extension 'ignore_ament_install'
[0.590s] Level 1:colcon.colcon_core.package_identification:_identify(espeak-ng-data/lang/trk) by extensions ['colcon_pkg']
[0.590s] Level 1:colcon.colcon_core.package_identification:_identify(espeak-ng-data/lang/trk) by extension 'colcon_pkg'
[0.590s] Level 1:colcon.colcon_core.package_identification:_identify(espeak-ng-data/lang/trk) by extensions ['colcon_meta']
[0.590s] Level 1:colcon.colcon_core.package_identification:_identify(espeak-ng-data/lang/trk) by extension 'colcon_meta'
[0.590s] Level 1:colcon.colcon_core.package_identification:_identify(espeak-ng-data/lang/trk) by extensions ['ros']
[0.590s] Level 1:colcon.colcon_core.package_identification:_identify(espeak-ng-data/lang/trk) by extension 'ros'
[0.590s] Level 1:colcon.colcon_core.package_identification:_identify(espeak-ng-data/lang/trk) by extensions ['cmake', 'meson', 'python']
[0.590s] Level 1:colcon.colcon_core.package_identification:_identify(espeak-ng-data/lang/trk) by extension 'cmake'
[0.590s] Level 1:colcon.colcon_core.package_identification:_identify(espeak-ng-data/lang/trk) by extension 'meson'
[0.591s] Level 1:colcon.colcon_core.package_identification:_identify(espeak-ng-data/lang/trk) by extension 'python'
[0.591s] Level 1:colcon.colcon_core.package_identification:_identify(espeak-ng-data/lang/trk) by extensions ['python_setup_py']
[0.591s] Level 1:colcon.colcon_core.package_identification:_identify(espeak-ng-data/lang/trk) by extension 'python_setup_py'
[0.591s] Level 1:colcon.colcon_core.package_identification:_identify(espeak-ng-data/lang/urj) by extensions ['ignore', 'ignore_ament_install']
[0.591s] Level 1:colcon.colcon_core.package_identification:_identify(espeak-ng-data/lang/urj) by extension 'ignore'
[0.592s] Level 1:colcon.colcon_core.package_identification:_identify(espeak-ng-data/lang/urj) by extension 'ignore_ament_install'
[0.592s] Level 1:colcon.colcon_core.package_identification:_identify(espeak-ng-data/lang/urj) by extensions ['colcon_pkg']
[0.592s] Level 1:colcon.colcon_core.package_identification:_identify(espeak-ng-data/lang/urj) by extension 'colcon_pkg'
[0.592s] Level 1:colcon.colcon_core.package_identification:_identify(espeak-ng-data/lang/urj) by extensions ['colcon_meta']
[0.592s] Level 1:colcon.colcon_core.package_identification:_identify(espeak-ng-data/lang/urj) by extension 'colcon_meta'
[0.592s] Level 1:colcon.colcon_core.package_identification:_identify(espeak-ng-data/lang/urj) by extensions ['ros']
[0.592s] Level 1:colcon.colcon_core.package_identification:_identify(espeak-ng-data/lang/urj) by extension 'ros'
[0.592s] Level 1:colcon.colcon_core.package_identification:_identify(espeak-ng-data/lang/urj) by extensions ['cmake', 'meson', 'python']
[0.592s] Level 1:colcon.colcon_core.package_identification:_identify(espeak-ng-data/lang/urj) by extension 'cmake'
[0.592s] Level 1:colcon.colcon_core.package_identification:_identify(espeak-ng-data/lang/urj) by extension 'meson'
[0.593s] Level 1:colcon.colcon_core.package_identification:_identify(espeak-ng-data/lang/urj) by extension 'python'
[0.593s] Level 1:colcon.colcon_core.package_identification:_identify(espeak-ng-data/lang/urj) by extensions ['python_setup_py']
[0.593s] Level 1:colcon.colcon_core.package_identification:_identify(espeak-ng-data/lang/urj) by extension 'python_setup_py'
[0.593s] Level 1:colcon.colcon_core.package_identification:_identify(espeak-ng-data/lang/zle) by extensions ['ignore', 'ignore_ament_install']
[0.594s] Level 1:colcon.colcon_core.package_identification:_identify(espeak-ng-data/lang/zle) by extension 'ignore'
[0.594s] Level 1:colcon.colcon_core.package_identification:_identify(espeak-ng-data/lang/zle) by extension 'ignore_ament_install'
[0.594s] Level 1:colcon.colcon_core.package_identification:_identify(espeak-ng-data/lang/zle) by extensions ['colcon_pkg']
[0.594s] Level 1:colcon.colcon_core.package_identification:_identify(espeak-ng-data/lang/zle) by extension 'colcon_pkg'
[0.594s] Level 1:colcon.colcon_core.package_identification:_identify(espeak-ng-data/lang/zle) by extensions ['colcon_meta']
[0.594s] Level 1:colcon.colcon_core.package_identification:_identify(espeak-ng-data/lang/zle) by extension 'colcon_meta'
[0.594s] Level 1:colcon.colcon_core.package_identification:_identify(espeak-ng-data/lang/zle) by extensions ['ros']
[0.594s] Level 1:colcon.colcon_core.package_identification:_identify(espeak-ng-data/lang/zle) by extension 'ros'
[0.594s] Level 1:colcon.colcon_core.package_identification:_identify(espeak-ng-data/lang/zle) by extensions ['cmake', 'meson', 'python']
[0.594s] Level 1:colcon.colcon_core.package_identification:_identify(espeak-ng-data/lang/zle) by extension 'cmake'
[0.594s] Level 1:colcon.colcon_core.package_identification:_identify(espeak-ng-data/lang/zle) by extension 'meson'
[0.595s] Level 1:colcon.colcon_core.package_identification:_identify(espeak-ng-data/lang/zle) by extension 'python'
[0.595s] Level 1:colcon.colcon_core.package_identification:_identify(espeak-ng-data/lang/zle) by extensions ['python_setup_py']
[0.595s] Level 1:colcon.colcon_core.package_identification:_identify(espeak-ng-data/lang/zle) by extension 'python_setup_py'
[0.595s] Level 1:colcon.colcon_core.package_identification:_identify(espeak-ng-data/lang/zls) by extensions ['ignore', 'ignore_ament_install']
[0.595s] Level 1:colcon.colcon_core.package_identification:_identify(espeak-ng-data/lang/zls) by extension 'ignore'
[0.595s] Level 1:colcon.colcon_core.package_identification:_identify(espeak-ng-data/lang/zls) by extension 'ignore_ament_install'
[0.596s] Level 1:colcon.colcon_core.package_identification:_identify(espeak-ng-data/lang/zls) by extensions ['colcon_pkg']
[0.596s] Level 1:colcon.colcon_core.package_identification:_identify(espeak-ng-data/lang/zls) by extension 'colcon_pkg'
[0.596s] Level 1:colcon.colcon_core.package_identification:_identify(espeak-ng-data/lang/zls) by extensions ['colcon_meta']
[0.596s] Level 1:colcon.colcon_core.package_identification:_identify(espeak-ng-data/lang/zls) by extension 'colcon_meta'
[0.596s] Level 1:colcon.colcon_core.package_identification:_identify(espeak-ng-data/lang/zls) by extensions ['ros']
[0.596s] Level 1:colcon.colcon_core.package_identification:_identify(espeak-ng-data/lang/zls) by extension 'ros'
[0.596s] Level 1:colcon.colcon_core.package_identification:_identify(espeak-ng-data/lang/zls) by extensions ['cmake', 'meson', 'python']
[0.596s] Level 1:colcon.colcon_core.package_identification:_identify(espeak-ng-data/lang/zls) by extension 'cmake'
[0.596s] Level 1:colcon.colcon_core.package_identification:_identify(espeak-ng-data/lang/zls) by extension 'meson'
[0.599s] Level 1:colcon.colcon_core.package_identification:_identify(espeak-ng-data/lang/zls) by extension 'python'
[0.599s] Level 1:colcon.colcon_core.package_identification:_identify(espeak-ng-data/lang/zls) by extensions ['python_setup_py']
[0.599s] Level 1:colcon.colcon_core.package_identification:_identify(espeak-ng-data/lang/zls) by extension 'python_setup_py'
[0.599s] Level 1:colcon.colcon_core.package_identification:_identify(espeak-ng-data/lang/zlw) by extensions ['ignore', 'ignore_ament_install']
[0.599s] Level 1:colcon.colcon_core.package_identification:_identify(espeak-ng-data/lang/zlw) by extension 'ignore'
[0.599s] Level 1:colcon.colcon_core.package_identification:_identify(espeak-ng-data/lang/zlw) by extension 'ignore_ament_install'
[0.599s] Level 1:colcon.colcon_core.package_identification:_identify(espeak-ng-data/lang/zlw) by extensions ['colcon_pkg']
[0.599s] Level 1:colcon.colcon_core.package_identification:_identify(espeak-ng-data/lang/zlw) by extension 'colcon_pkg'
[0.599s] Level 1:colcon.colcon_core.package_identification:_identify(espeak-ng-data/lang/zlw) by extensions ['colcon_meta']
[0.599s] Level 1:colcon.colcon_core.package_identification:_identify(espeak-ng-data/lang/zlw) by extension 'colcon_meta'
[0.599s] Level 1:colcon.colcon_core.package_identification:_identify(espeak-ng-data/lang/zlw) by extensions ['ros']
[0.599s] Level 1:colcon.colcon_core.package_identification:_identify(espeak-ng-data/lang/zlw) by extension 'ros'
[0.599s] Level 1:colcon.colcon_core.package_identification:_identify(espeak-ng-data/lang/zlw) by extensions ['cmake', 'meson', 'python']
[0.599s] Level 1:colcon.colcon_core.package_identification:_identify(espeak-ng-data/lang/zlw) by extension 'cmake'
[0.600s] Level 1:colcon.colcon_core.package_identification:_identify(espeak-ng-data/lang/zlw) by extension 'meson'
[0.601s] Level 1:colcon.colcon_core.package_identification:_identify(espeak-ng-data/lang/zlw) by extension 'python'
[0.601s] Level 1:colcon.colcon_core.package_identification:_identify(espeak-ng-data/lang/zlw) by extensions ['python_setup_py']
[0.601s] Level 1:colcon.colcon_core.package_identification:_identify(espeak-ng-data/lang/zlw) by extension 'python_setup_py'
[0.601s] Level 1:colcon.colcon_core.package_identification:_identify(espeak-ng-data/voices) by extensions ['ignore', 'ignore_ament_install']
[0.601s] Level 1:colcon.colcon_core.package_identification:_identify(espeak-ng-data/voices) by extension 'ignore'
[0.601s] Level 1:colcon.colcon_core.package_identification:_identify(espeak-ng-data/voices) by extension 'ignore_ament_install'
[0.601s] Level 1:colcon.colcon_core.package_identification:_identify(espeak-ng-data/voices) by extensions ['colcon_pkg']
[0.601s] Level 1:colcon.colcon_core.package_identification:_identify(espeak-ng-data/voices) by extension 'colcon_pkg'
[0.601s] Level 1:colcon.colcon_core.package_identification:_identify(espeak-ng-data/voices) by extensions ['colcon_meta']
[0.601s] Level 1:colcon.colcon_core.package_identification:_identify(espeak-ng-data/voices) by extension 'colcon_meta'
[0.601s] Level 1:colcon.colcon_core.package_identification:_identify(espeak-ng-data/voices) by extensions ['ros']
[0.601s] Level 1:colcon.colcon_core.package_identification:_identify(espeak-ng-data/voices) by extension 'ros'
[0.601s] Level 1:colcon.colcon_core.package_identification:_identify(espeak-ng-data/voices) by extensions ['cmake', 'meson', 'python']
[0.601s] Level 1:colcon.colcon_core.package_identification:_identify(espeak-ng-data/voices) by extension 'cmake'
[0.602s] Level 1:colcon.colcon_core.package_identification:_identify(espeak-ng-data/voices) by extension 'meson'
[0.603s] Level 1:colcon.colcon_core.package_identification:_identify(espeak-ng-data/voices) by extension 'python'
[0.603s] Level 1:colcon.colcon_core.package_identification:_identify(espeak-ng-data/voices) by extensions ['python_setup_py']
[0.603s] Level 1:colcon.colcon_core.package_identification:_identify(espeak-ng-data/voices) by extension 'python_setup_py'
[0.603s] Level 1:colcon.colcon_core.package_identification:_identify(espeak-ng-data/voices/!v) by extensions ['ignore', 'ignore_ament_install']
[0.603s] Level 1:colcon.colcon_core.package_identification:_identify(espeak-ng-data/voices/!v) by extension 'ignore'
[0.603s] Level 1:colcon.colcon_core.package_identification:_identify(espeak-ng-data/voices/!v) by extension 'ignore_ament_install'
[0.603s] Level 1:colcon.colcon_core.package_identification:_identify(espeak-ng-data/voices/!v) by extensions ['colcon_pkg']
[0.603s] Level 1:colcon.colcon_core.package_identification:_identify(espeak-ng-data/voices/!v) by extension 'colcon_pkg'
[0.603s] Level 1:colcon.colcon_core.package_identification:_identify(espeak-ng-data/voices/!v) by extensions ['colcon_meta']
[0.603s] Level 1:colcon.colcon_core.package_identification:_identify(espeak-ng-data/voices/!v) by extension 'colcon_meta'
[0.603s] Level 1:colcon.colcon_core.package_identification:_identify(espeak-ng-data/voices/!v) by extensions ['ros']
[0.604s] Level 1:colcon.colcon_core.package_identification:_identify(espeak-ng-data/voices/!v) by extension 'ros'
[0.604s] Level 1:colcon.colcon_core.package_identification:_identify(espeak-ng-data/voices/!v) by extensions ['cmake', 'meson', 'python']
[0.604s] Level 1:colcon.colcon_core.package_identification:_identify(espeak-ng-data/voices/!v) by extension 'cmake'
[0.604s] Level 1:colcon.colcon_core.package_identification:_identify(espeak-ng-data/voices/!v) by extension 'meson'
[0.605s] Level 1:colcon.colcon_core.package_identification:_identify(espeak-ng-data/voices/!v) by extension 'python'
[0.605s] Level 1:colcon.colcon_core.package_identification:_identify(espeak-ng-data/voices/!v) by extensions ['python_setup_py']
[0.605s] Level 1:colcon.colcon_core.package_identification:_identify(espeak-ng-data/voices/!v) by extension 'python_setup_py'
[0.605s] Level 1:colcon.colcon_core.package_identification:_identify(install) by extensions ['ignore', 'ignore_ament_install']
[0.605s] Level 1:colcon.colcon_core.package_identification:_identify(install) by extension 'ignore'
[0.605s] Level 1:colcon.colcon_core.package_identification:_identify(install) ignored
[0.605s] Level 1:colcon.colcon_core.package_identification:_identify(log) by extensions ['ignore', 'ignore_ament_install']
[0.606s] Level 1:colcon.colcon_core.package_identification:_identify(log) by extension 'ignore'
[0.606s] Level 1:colcon.colcon_core.package_identification:_identify(log) ignored
[0.606s] Level 1:colcon.colcon_core.package_identification:_identify(pkgconfig) by extensions ['ignore', 'ignore_ament_install']
[0.606s] Level 1:colcon.colcon_core.package_identification:_identify(pkgconfig) by extension 'ignore'
[0.606s] Level 1:colcon.colcon_core.package_identification:_identify(pkgconfig) by extension 'ignore_ament_install'
[0.606s] Level 1:colcon.colcon_core.package_identification:_identify(pkgconfig) by extensions ['colcon_pkg']
[0.606s] Level 1:colcon.colcon_core.package_identification:_identify(pkgconfig) by extension 'colcon_pkg'
[0.606s] Level 1:colcon.colcon_core.package_identification:_identify(pkgconfig) by extensions ['colcon_meta']
[0.606s] Level 1:colcon.colcon_core.package_identification:_identify(pkgconfig) by extension 'colcon_meta'
[0.606s] Level 1:colcon.colcon_core.package_identification:_identify(pkgconfig) by extensions ['ros']
[0.606s] Level 1:colcon.colcon_core.package_identification:_identify(pkgconfig) by extension 'ros'
[0.606s] Level 1:colcon.colcon_core.package_identification:_identify(pkgconfig) by extensions ['cmake', 'meson', 'python']
[0.606s] Level 1:colcon.colcon_core.package_identification:_identify(pkgconfig) by extension 'cmake'
[0.606s] Level 1:colcon.colcon_core.package_identification:_identify(pkgconfig) by extension 'meson'
[0.607s] Level 1:colcon.colcon_core.package_identification:_identify(pkgconfig) by extension 'python'
[0.607s] Level 1:colcon.colcon_core.package_identification:_identify(pkgconfig) by extensions ['python_setup_py']
[0.607s] Level 1:colcon.colcon_core.package_identification:_identify(pkgconfig) by extension 'python_setup_py'
[0.608s] Level 1:colcon.colcon_core.package_discovery:discover_packages(recursive) using defaults
[0.608s] Level 1:colcon.colcon_core.package_discovery:discover_packages(ignore) discover
[0.608s] Level 1:colcon.colcon_core.package_discovery:discover_packages(ignore) using defaults
[0.608s] Level 1:colcon.colcon_core.package_discovery:discover_packages(path) discover
[0.608s] Level 1:colcon.colcon_core.package_discovery:discover_packages(path) using defaults
[0.630s] INFO:colcon.colcon_core.executor:Executing jobs using 'parallel' executor
[0.631s] DEBUG:colcon.colcon_parallel_executor.executor.parallel:run_until_complete
[0.674s] DEBUG:colcon.colcon_parallel_executor.executor.parallel:closing loop
[0.675s] DEBUG:colcon.colcon_parallel_executor.executor.parallel:loop closed
[0.675s] DEBUG:colcon.colcon_parallel_executor.executor.parallel:run_until_complete finished with '0'
[0.675s] DEBUG:colcon.colcon_core.event_reactor:joining thread
[0.688s] INFO:colcon.colcon_core.plugin_system:Skipping extension 'colcon_notification.desktop_notification.terminal_notifier': Not used on non-Darwin systems
[0.688s] INFO:colcon.colcon_core.plugin_system:Skipping extension 'colcon_notification.desktop_notification.win32': Not used on non-Windows systems
[0.689s] INFO:colcon.colcon_notification.desktop_notification:Sending desktop notification using 'notify2'
[0.715s] DEBUG:colcon.colcon_core.event_reactor:joined thread
[0.719s] INFO:colcon.colcon_core.plugin_system:Skipping extension 'colcon_core.shell.bat': Not used on non-Windows systems
[0.720s] INFO:colcon.colcon_core.shell:Creating prefix script '/home/makimate/piper_bin/piper/install/local_setup.sh'
[0.721s] INFO:colcon.colcon_core.shell:Creating prefix util module '/home/makimate/piper_bin/piper/install/_local_setup_util_sh.py'
[0.723s] INFO:colcon.colcon_core.shell:Creating prefix chain script '/home/makimate/piper_bin/piper/install/setup.sh'
[0.727s] INFO:colcon.colcon_core.shell:Creating prefix script '/home/makimate/piper_bin/piper/install/local_setup.bash'
[0.727s] INFO:colcon.colcon_core.shell:Creating prefix chain script '/home/makimate/piper_bin/piper/install/setup.bash'
[0.729s] INFO:colcon.colcon_core.shell:Creating prefix script '/home/makimate/piper_bin/piper/install/local_setup.zsh'
[0.730s] INFO:colcon.colcon_core.shell:Creating prefix chain script '/home/makimate/piper_bin/piper/install/setup.zsh'
